{<OBRACKET>: [}
{<OBRACKET>: [}
{<OBRACKET>: [}
{<CBRACKET>: ]}
{<CBRACKET>: ]}
{<CBRACKET>: ]}
{<OBRACKET>: [}
{<CBRACKET>: ]}
{<OBRACKET>: [}
{<CBRACKET>: ]}
