{<OBRACKET>: [}
{<DOUBLE>: double}
{<SEMICOLON>: ;}
{<PLUS>: +}
{<PLUS>: +}
{<INTEGER>: 7}
{<SEMICOLON>: ;}
{<MINUS>: -}
{<MINUS>: -}
{<MINUS>: -}
{<MINUS>: -}
{<MINUS>: -}
{<MINUS>: -}
{<INTEGER>: 8}
{<SEMICOLON>: ;}
{<INTEGER>: 848494}
{<SEMICOLON>: ;}
{<FLOAT>: 123.34}
{<SEMICOLON>: ;}
{<MAYBE>: maybe}
{<INT>: int}
{<QUESTION>: ?}
{<CAPTURE>: capture}
{<SEMICOLON>: ;}
{<CBRACKET>: ]}
